2026-06-12 17:45:47 [INFO ] [test_database] ========================================
2026-06-12 17:45:47 [INFO ] [test_database] Run started : Fri Jun 12 17:45:47  2026
2026-06-12 17:45:47 [INFO ] [test_database] Section     : [test_database]
2026-06-12 17:45:47 [INFO ] [test_database] Host        : localhost
2026-06-12 17:45:47 [INFO ] [test_database] Port        : 5432
2026-06-12 17:45:47 [INFO ] [test_database] Database    : blocking_check
2026-06-12 17:45:47 [INFO ] [test_database] User        : manoj_anumalla
2026-06-12 17:45:47 [INFO ] [test_database] Schema Name : data_monitoring
2026-06-12 17:45:47 [INFO ] [test_database] Active Conns: 1
2026-06-12 17:45:47 [INFO ] [test_database] Lock Timeout: 5s
2026-06-12 17:45:47 [INFO ] [test_database] Stmt Timeout: 45min
2026-06-12 17:45:47 [INFO ] [test_database] Max Parallel: 0
2026-06-12 17:45:47 [INFO ] [test_database] ========================================
2026-06-12 17:45:47 [INFO ] [test_database] Executing process_metadata_md5_changes...
2026-06-12 17:45:47 [INFO ] [test_database]                   step_name                  |         result         |    duration     
2026-06-12 17:45:47 [INFO ] [test_database] ---------------------------------------------+------------------------+-----------------
2026-06-12 17:45:47 [INFO ] [test_database]  mode                                        | Initial Load           | 00:00:00
2026-06-12 17:45:47 [INFO ] [test_database]  delete_orphan_initial_data                  | Completed              | 00:00:00
2026-06-12 17:45:48 [INFO ] [test_database]  load_snapshot_table                         | snapshot_id: 1         | 00:00:00
2026-06-12 17:45:48 [INFO ] [test_database]  create_staging_partitions                   | Created _p1            | 00:00:00
2026-06-12 17:45:48 [INFO ] [test_database]  load_md5_metadata_table                     | Completed              | 00:00:00
2026-06-12 17:45:48 [INFO ] [test_database]  load_md5_metadata_staging_table_objects     | Completed              | 00:00:00
2026-06-12 17:45:48 [INFO ] [test_database]  load_md5_metadata_staging_non_table_objects | Completed              | 00:00:00
2026-06-12 17:45:48 [INFO ] [test_database]  load_metadata_md5_metrics                   | Completed              | 00:00:00
2026-06-12 17:45:48 [INFO ] [test_database] Run completed: Fri Jun 12 17:45:48  2026
2026-06-12 17:45:48 [INFO ] [test_database] Total duration: 00:00:00

2026-06-12 17:45:48 [INFO ] [test_database] ========================================
2026-06-12 17:45:48 [INFO ] [test_database] A successful run was already completed today. Skipping execution for today.
